C51 COMPILER V9.57.0.0   MAIN                                                              07/09/2025 23:58:17 PAGE 1   


C51 COMPILER V9.57.0.0, COMPILATION OF MODULE MAIN
OBJECT MODULE PLACED IN .\Objects\main.obj
COMPILER INVOKED BY: D:\Keil_v5\C51\BIN\C51.EXE main.c OPTIMIZE(8,SPEED) BROWSE DEBUG OBJECTEXTEND PRINT(.\Listings\main
                    -.lst) TABS(2) OBJECT(.\Objects\main.obj)

line level    source

   1          #include <REGX52.H>
   2          #include "MOTOR.h"
   3          #include "SENSOR.h"
   4          #include "PID.h"
   5          #include "TIMER.h"
   6          #include "UART.h"
   7          #include "Delay.h"
   8          #include "LCD1602.h"
   9          
  10          sbit KeyStart = P3^7;// 定义启动按键
  11          
  12          unsigned char PWM_Count = 0;
  13          float target_speed = 200;
  14          float urge_speed = 100;
  15          float err,output;
  16          //bit LCD_flag;
  17          unsigned char display_count = 0;
  18          
  19          void main()
  20          {
  21   1          UART_Init();
  22   1          Motor_Init();
  23   1          Sensor_Init();
  24   1          PID_Init(80.0, 0.01, 5.0);
  25   1          LCD_Init();
  26   1          EA=1;
  27   1          TR0=0;
  28   1          UART_SendString("Bluetooth Control Car Ready\r\n");
  29   1          UART_SendString("Commands:\r\n");
  30   1          UART_SendString("S: Start Motor\r\n");
  31   1          UART_SendString("P: Stop Motor (Keep Speed Setting)\r\n");
  32   1          UART_SendString("1: Set Speed 40%\r\n");
  33   1          UART_SendString("2: Set Speed 60%\r\n");
  34   1          UART_SendString("3: Set Speed 100%\r\n");
  35   1      
  36   1          while(1)
  37   1          {
  38   2            // 等待按键按下（带消抖）
  39   2            if(KeyStart == 0)  // 按键按下
  40   2            {
  41   3              Delay(20); // 消抖
  42   3              if(KeyStart == 0)
  43   3              {
  44   4                Timer0_Init();     // 启动定时器
  45   4                break;
  46   4              }
  47   3            }
  48   2          }
  49   1          while(1)
  50   1          {
  51   2      
  52   2          }// 空循环，控制在中断中完成
  53   1      }
  54          
C51 COMPILER V9.57.0.0   MAIN                                                              07/09/2025 23:58:17 PAGE 2   

  55          void Timer0_ISR(void) interrupt 1
  56          {
  57   1          TL0 = 0xA4;
  58   1          TH0 = 0xFF;
  59   1          PWM_Count++;
  60   1          PWM_Count %= 100;
  61   1      
  62   1          err = Sensor_GetError();
  63   1          output = PID_Compute(err);
  64   1          if(err >= 4 || err <= -4) 
  65   1              Motor_SetSpeed(urge_speed + output, urge_speed - output);
  66   1          else
  67   1              Motor_SetSpeed(target_speed + output, target_speed - output);
  68   1          Motor_PWM_Control(PWM_Count);
  69   1          // 每 100 个中断（约 100ms）刷新一次 LCD 显示
  70   1          display_count++;
  71   1          if(display_count >= 100)
  72   1          {
  73   2              display_count = 0;
  74   2              LCD_ShowSpeed((int)(Lspeed * 15.0 + 0.5), (int)(Rspeed * 15.0 + 0.5));
  75   2          }
  76   1      }


MODULE INFORMATION:   STATIC OVERLAYABLE
   CODE SIZE        =    468    ----
   CONSTANT SIZE    =    154    ----
   XDATA SIZE       =   ----    ----
   PDATA SIZE       =   ----    ----
   DATA SIZE        =     18    ----
   IDATA SIZE       =   ----    ----
   BIT SIZE         =   ----    ----
END OF MODULE INFORMATION.


C51 COMPILATION COMPLETE.  0 WARNING(S),  0 ERROR(S)
